// Jest Snapshot v1, https://goo.gl/fbAQLP

exports[`testing for Log in Section page component 1`] = `
<section
  className="section-gap"
>
  <div
    className="container"
  >
    <div
      className="row align-items-center"
    >
      <div
        className="col-lg-6 about-left"
      >
        <div
          className="jumbotron bg-white"
        >
          <h1
            className="display-4"
          >
            Making college life 
            <span
              className="wrap typewrite"
              data-period="2000"
              data-type="[\\"easier...\\", \\"smarter...\\", \\"better...\\"]"
              style={
                Object {
                  "color": "#e8c900",
                }
              }
            />
          </h1>
          <br />
          <br />
          <ErrorBoundary>
            <NumberForm
              changeState={[Function]}
            />
          </ErrorBoundary>
        </div>
      </div>
      <div
        className="col-lg-6 about-right"
      >
        <img
          alt=""
          className="img-fluid"
          src="./assets/images/image.jpg"
        />
      </div>
    </div>
  </div>
</section>
`;
