// Jest Snapshot v1, https://goo.gl/fbAQLP

exports[`should render UserReview component with the props 1`] = `
<div
  className="col-lg-4 col-md-6"
>
  <div
    className="single-review"
  >
    <h4>
      akash
    </h4>
    <p>
      Lorem ipsum dolor sit amet, consectetur adipisicing elit, sed do eiusmod tempor incididunt ut labore  et dolore.
    </p>
    <div
      className="star"
    >
      <FontAwesomeIcon
        border={false}
        className="checked"
        fixedWidth={false}
        flip={null}
        icon={
          Object {
            "icon": Array [
              576,
              512,
              Array [],
              "f005",
              "M259.3 17.8L194 150.2 47.9 171.5c-26.2 3.8-36.7 36.1-17.7 54.6l105.7 103-25 145.5c-4.5 26.3 23.2 46 46.4 33.7L288 439.6l130.7 68.7c23.2 12.2 50.9-7.4 46.4-33.7l-25-145.5 105.7-103c19-18.5 8.5-50.8-17.7-54.6L382 150.2 316.7 17.8c-11.7-23.6-45.6-23.9-57.4 0z",
            ],
            "iconName": "star",
            "prefix": "fas",
          }
        }
        listItem={false}
        mask={null}
        name=""
        pull={null}
        pulse={false}
        rotation={null}
        size={null}
        spin={false}
        symbol={false}
        transform={null}
      />
      <FontAwesomeIcon
        border={false}
        className="checked"
        fixedWidth={false}
        flip={null}
        icon={
          Object {
            "icon": Array [
              576,
              512,
              Array [],
              "f005",
              "M259.3 17.8L194 150.2 47.9 171.5c-26.2 3.8-36.7 36.1-17.7 54.6l105.7 103-25 145.5c-4.5 26.3 23.2 46 46.4 33.7L288 439.6l130.7 68.7c23.2 12.2 50.9-7.4 46.4-33.7l-25-145.5 105.7-103c19-18.5 8.5-50.8-17.7-54.6L382 150.2 316.7 17.8c-11.7-23.6-45.6-23.9-57.4 0z",
            ],
            "iconName": "star",
            "prefix": "fas",
          }
        }
        listItem={false}
        mask={null}
        name=""
        pull={null}
        pulse={false}
        rotation={null}
        size={null}
        spin={false}
        symbol={false}
        transform={null}
      />
      <FontAwesomeIcon
        border={false}
        className="checked"
        fixedWidth={false}
        flip={null}
        icon={
          Object {
            "icon": Array [
              576,
              512,
              Array [],
              "f005",
              "M259.3 17.8L194 150.2 47.9 171.5c-26.2 3.8-36.7 36.1-17.7 54.6l105.7 103-25 145.5c-4.5 26.3 23.2 46 46.4 33.7L288 439.6l130.7 68.7c23.2 12.2 50.9-7.4 46.4-33.7l-25-145.5 105.7-103c19-18.5 8.5-50.8-17.7-54.6L382 150.2 316.7 17.8c-11.7-23.6-45.6-23.9-57.4 0z",
            ],
            "iconName": "star",
            "prefix": "fas",
          }
        }
        listItem={false}
        mask={null}
        name=""
        pull={null}
        pulse={false}
        rotation={null}
        size={null}
        spin={false}
        symbol={false}
        transform={null}
      />
      <FontAwesomeIcon
        border={false}
        className=""
        fixedWidth={false}
        flip={null}
        icon={
          Object {
            "icon": Array [
              576,
              512,
              Array [],
              "f005",
              "M259.3 17.8L194 150.2 47.9 171.5c-26.2 3.8-36.7 36.1-17.7 54.6l105.7 103-25 145.5c-4.5 26.3 23.2 46 46.4 33.7L288 439.6l130.7 68.7c23.2 12.2 50.9-7.4 46.4-33.7l-25-145.5 105.7-103c19-18.5 8.5-50.8-17.7-54.6L382 150.2 316.7 17.8c-11.7-23.6-45.6-23.9-57.4 0z",
            ],
            "iconName": "star",
            "prefix": "fas",
          }
        }
        listItem={false}
        mask={null}
        name=""
        pull={null}
        pulse={false}
        rotation={null}
        size={null}
        spin={false}
        symbol={false}
        transform={null}
      />
      <FontAwesomeIcon
        border={false}
        className=""
        fixedWidth={false}
        flip={null}
        icon={
          Object {
            "icon": Array [
              576,
              512,
              Array [],
              "f005",
              "M259.3 17.8L194 150.2 47.9 171.5c-26.2 3.8-36.7 36.1-17.7 54.6l105.7 103-25 145.5c-4.5 26.3 23.2 46 46.4 33.7L288 439.6l130.7 68.7c23.2 12.2 50.9-7.4 46.4-33.7l-25-145.5 105.7-103c19-18.5 8.5-50.8-17.7-54.6L382 150.2 316.7 17.8c-11.7-23.6-45.6-23.9-57.4 0z",
            ],
            "iconName": "star",
            "prefix": "fas",
          }
        }
        listItem={false}
        mask={null}
        name=""
        pull={null}
        pulse={false}
        rotation={null}
        size={null}
        spin={false}
        symbol={false}
        transform={null}
      />
    </div>
  </div>
</div>
`;
