// Jest Snapshot v1, https://goo.gl/fbAQLP

exports[`should render AboutUsPage correctly 1`] = `
<div>
  <h1>
    About Us
  </h1>
</div>
`;
