// Jest Snapshot v1, https://goo.gl/fbAQLP

exports[`should render PrivacyPolicyPage correctly 1`] = `
<div>
  <h1>
    Privacy Policy
  </h1>
</div>
`;
