// Jest Snapshot v1, https://goo.gl/fbAQLP

exports[`testing for About Us page component 1`] = `<div />`;
