// Jest Snapshot v1, https://goo.gl/fbAQLP

exports[`testing for page not found component 1`] = `<div />`;
