// Jest Snapshot v1, https://goo.gl/fbAQLP

exports[`should render PrivacyPolicyPage correctly 1`] = `<div />`;
