// Jest Snapshot v1, https://goo.gl/fbAQLP

exports[`testing for Footer page component 1`] = `
<footer
  className="footer"
>
  <div
    className="container"
  >
    <div
      className="row"
    >
      <div
        className="col-lg-3"
      >
        <img
          className="img-fluid float-left"
          id="logo"
          src="/assets/images/brand/16-9.png"
        />
      </div>
      <div
        className="col-lg-1"
      />
      <div
        className="col"
      >
        <div
          align="right"
        >
          <em>
            Saddacampus works with the motto of “making college life easier”. Saddacampus aims at becoming a ONE STOP SOLUTION for college students.
          </em>
        </div>
        <div
          align="center"
          style={
            Object {
              "paddingTop": "5%",
            }
          }
        >
          <table
            style={
              Object {
                "minWidth": "100%",
              }
            }
          >
            <tbody>
              <tr>
                <td
                  align="center"
                >
                  <h5>
                    Connect to us:
                  </h5>
                </td>
                <td>
                  <a
                    href="https://www.facebook.com/saddacampus/"
                  >
                    <FontAwesomeIcon
                      border={false}
                      className=""
                      fixedWidth={false}
                      flip={null}
                      icon={
                        Array [
                          "fab",
                          "facebook-square",
                        ]
                      }
                      listItem={false}
                      mask={null}
                      name=""
                      pull={null}
                      pulse={false}
                      rotation={null}
                      size="3x"
                      spin={false}
                      symbol={false}
                      transform={null}
                    />
                  </a>
                </td>
                <td>
                  <a
                    href="https://www.instagram.com/saddacampus/"
                  >
                    <FontAwesomeIcon
                      border={false}
                      className=""
                      fixedWidth={false}
                      flip={null}
                      icon={
                        Array [
                          "fab",
                          "instagram",
                        ]
                      }
                      listItem={false}
                      mask={null}
                      name=""
                      pull={null}
                      pulse={false}
                      rotation={null}
                      size="3x"
                      spin={false}
                      symbol={false}
                      transform={null}
                    />
                  </a>
                </td>
                <td>
                  <a
                    href="https://www.linkedin.com/company/saddacampusllp/"
                  >
                    <FontAwesomeIcon
                      border={false}
                      className=""
                      fixedWidth={false}
                      flip={null}
                      icon={
                        Array [
                          "fab",
                          "linkedin",
                        ]
                      }
                      listItem={false}
                      mask={null}
                      name=""
                      pull={null}
                      pulse={false}
                      rotation={null}
                      size="3x"
                      spin={false}
                      symbol={false}
                      transform={null}
                    />
                  </a>
                </td>
              </tr>
            </tbody>
          </table>
        </div>
      </div>
    </div>
    <hr
      style={
        Object {
          "paddingBottom": "1%",
          "paddingTop": "1%",
        }
      }
    />
    <div
      className="row"
    >
      <div
        className="col-lg-2"
      >
        <h5>
          Phone
        </h5>
        <a
          href="tel:+919523739679"
        >
          +91- 95237 39679
        </a>
      </div>
      <div
        className="col-lg-5"
      >
        <h5>
          Address
        </h5>
        <span
          style={
            Object {
              "fontWeight": "normal",
            }
          }
        >
          CIIE, IIT(ISM) DHANBAD, DHANBAD, JHARKHAND, 826004, INDIA.
        </span>
      </div>
      <div
        className="col-lg-5"
      >
        <h5>
          Additional Informations
        </h5>
        <span
          style={
            Object {
              "fontWeight": "normal",
            }
          }
        >
          Join the thousands of other restaurants who benefit from having their menus on TakeOff. To partner with us drop us a mail at 
          <a
            href="mailto:info@saddacampus.com"
          >
            info@saddacampus.com
          </a>
        </span>
      </div>
    </div>
  </div>
</footer>
`;
