// Jest Snapshot v1, https://goo.gl/fbAQLP

exports[`testing for Privacy policy page component 1`] = `<div />`;
